# heading 1

## unordered list

- list 1
  - indented 1
  - indented 2
- list 2
  - indented 1
- list 3
- list 4
  following list
  another following list
- list 5

## checkbox

- [ ] checkbox 1
- [ ] checkbox 2
- [x] checkbox 3
- [o] checkbox 4

## heading 2

below is thematic break

---

above is thematic break

### ordered list

1. ordered list 1
2. ordered list 2
3. ordered list 3
   1. indented ordered list
   2. indented ordered list
   3. indented ordered list

#### inline nodes

this is a paragraph.

this is a paragraph followed by
another paragraph without any blank lines in between.

this is **inline emphasis** in a paragraph.

this is `codespan`

- [link](destination/to/some/place)
- [link](destination/to/some/place)

1. [link](destination/to/some/place)
2. [link](destination/to/some/place)

[link](destination/to/some/place2)
[link](https://www.hirotoni.com)

autolink: https://www.hirotoni.com

##### heading 5

###### heading 6
